I'm sorry, but errors were detected in your script. Please correct the
errors listed below, and try again.


File "game/characters.rpy", line 17: transform statement expects a non-empty block.
    transform right:
                    ^

Ren'Py Version: Ren'Py 8.2.1.24030407
Tue May  7 12:22:21 2024
